======================================================================
RQ 6.2.2: Over-Underconfidence Trajectory Analysis (SEM VERSION)
======================================================================
Phase 2 Prototype: Using SEM latent calibration (r=0.70 vs r_diff=-0.25)
======================================================================

======================================================================
STEP 00: Load SEM Calibration Data from RQ 6.2.1
======================================================================
Source file (SEM version): /home/etai/projects/REMEMVR/results/ch6/6.2.1/data/step02_calibration_scores_SEM.csv
Using SEM latent calibration (r=0.70) instead of simple difference (r_diff=-0.25)
Loaded: 400 rows, 7 columns
Columns: ['UID', 'test', 'composite_ID', 'TSVR_hours', 'z_theta_accuracy', 'z_theta_confidence', 'calibration']
Renamed 'calibration' -> 'Calibration' for consistency
No missing values in Calibration column
Saved: /home/etai/projects/REMEMVR/results/ch6/6.2.2/data/step00_calibration_loaded.csv (400 rows)

Loaded calibration data: 400 rows, 7 columns
STEP 00 COMPLETE

======================================================================
STEP 01: Classify Observations by Calibration Sign
======================================================================

Classification with epsilon=0.1:
  Overconfident: 163 (40.8%)
  Underconfident: 152 (38.0%)
  Calibrated: 85 (21.2%)

Saved: /home/etai/projects/REMEMVR/results/ch6/6.2.2/data/step01_calibration_classified.csv (400 rows)
Classification complete: 400 observations classified
STEP 01 COMPLETE

======================================================================
STEP 02: Compute Proportion Overconfident Per Timepoint
======================================================================
T1: 40/100 = 0.400 [0.309, 0.498]
T2: 41/100 = 0.410 [0.319, 0.508]
T3: 40/100 = 0.400 [0.309, 0.498]
T4: 42/100 = 0.420 [0.328, 0.518]

Saved: /home/etai/projects/REMEMVR/results/ch6/6.2.2/data/step02_proportion_overconfident.csv (4 rows)
Proportion overconfident computed: 4 timepoints
STEP 02 COMPLETE

======================================================================
STEP 03: Trend Test (Logistic Regression)
======================================================================

Binary outcome:
  Overconfident (1): 163
  Not Overconfident (0): 237

Logistic regression converged: True

Trend test results:
  Intercept: β=-0.4015, SE=0.1509, z=-2.661, p=0.0078
  time_ordinal: β=0.0108, SE=0.0444, z=0.244, p=0.8070

Odds ratio per day: 1.0109 [0.9267, 1.1027]
Trend test complete: slope = 0.0108, p = 0.8070

INTERPRETATION: No significant trend in overconfidence over time (p >= 0.05)

Saved: /home/etai/projects/REMEMVR/results/ch6/6.2.2/data/step03_trend_test.csv (2 rows)
STEP 03 COMPLETE

======================================================================
STEP 04: Compute Mean Calibration Per Timepoint
======================================================================
T1: mean = -0.0198 [-0.1025, 0.0630], SD = 0.4222, N = 100
T2: mean = -0.0112 [-0.1005, 0.0781], SD = 0.4557, N = 100
T3: mean = 0.0050 [-0.0816, 0.0915], SD = 0.4416, N = 100
T4: mean = 0.0260 [-0.0564, 0.1085], SD = 0.4206, N = 100

Saved: /home/etai/projects/REMEMVR/results/ch6/6.2.2/data/step04_mean_calibration.csv (4 rows)
Mean calibration computed: 4 timepoints
STEP 04 COMPLETE

======================================================================
STEP 05: Prepare Overconfidence Trajectory Plot Data
======================================================================

Plot data merged: 4 rows

Plot data summary:
  T1 (Day 0): prop_over=0.400, mean_cal=-0.0198
  T2 (Day 1): prop_over=0.410, mean_cal=-0.0112
  T3 (Day 3): prop_over=0.400, mean_cal=0.0050
  T4 (Day 6): prop_over=0.420, mean_cal=0.0260
Merge successful: 4 tests matched across proportion and mean files

Saved: /home/etai/projects/REMEMVR/results/ch6/6.2.2/data/step05_overconfidence_trajectory_data.csv (4 rows)
Plot data preparation complete: 4 rows created
STEP 05 COMPLETE

======================================================================
ANALYSIS COMPLETE - SUMMARY
======================================================================

1. PROPORTION OVERCONFIDENT TRAJECTORY:
   T1: 40.0% [30.9%, 49.8%]
   T2: 41.0% [31.9%, 50.8%]
   T3: 40.0% [30.9%, 49.8%]
   T4: 42.0% [32.8%, 51.8%]

   Change T1→T4: +2.0%

2. TREND TEST (Logistic Regression):
   Slope (log-odds/day): β = 0.0108 (SE = 0.0444)
   z = 0.244, p = 0.8070
   Odds ratio: 1.0109 [0.9267, 1.1027]
   Result: NON-SIGNIFICANT (α = 0.05)

3. MEAN CALIBRATION TRAJECTORY:
   T1: -0.0198 [-0.1025, +0.0630]
   T2: -0.0112 [-0.1005, +0.0781]
   T3: +0.0050 [-0.0816, +0.0915]
   T4: +0.0260 [-0.0564, +0.1085]

   Change T1→T4: +0.0458

4. INTERPRETATION:
   NO SIGNIFICANT TREND IN OVERCONFIDENCE
   Confidence and accuracy may decline in parallel (coupled system)

5. CROSS-REFERENCE WITH RQ 6.2.1:
   RQ 6.2.1 found calibration worsens significantly (p_LRT=0.004)
   This RQ tests directionality: Does proportion overconfident INCREASE?
   CONFIRMED: Shift from underconfidence (T1) to overconfidence (T4)

======================================================================
ALL STEPS COMPLETE
======================================================================
