[START] Step 05: Model diagnostics
[LOAD] Loading regression results...
[LOADED] step04_regression_results.csv (11 rows, 10 cols)
[LOAD] Loading analysis dataset...
[LOADED] step03_analysis_dataset.csv (100 rows, 13 cols)
[ANALYSIS] Refitting full model for diagnostic analysis...
[DONE] Model refitted successfully
[EXTRACTED] Diagnostic quantities: 100 observations
[DIAGNOSTICS] Computing VIF for multicollinearity check...
[VIF] Maximum VIF: 1.787 (threshold: 5.0)
[VIF] Multicollinearity concern: False
[DIAGNOSTICS] Testing normality of residuals...
[NORMALITY] Shapiro-Wilk: W=0.8832, p=0.000000
[NORMALITY] Violation detected: True
[DIAGNOSTICS] Testing homoscedasticity...
[HOMOSCEDASTICITY] Breusch-Pagan: LM=8.0500, p=0.234460
[HOMOSCEDASTICITY] Violation detected: False
[DIAGNOSTICS] Identifying outliers and high leverage points...
[OUTLIERS] Cook's distance outliers: 5 (threshold: 0.0400)
[OUTLIERS] High leverage points: 0 (threshold: 0.2100)
[DIAGNOSTICS] Testing for autocorrelation...
[AUTOCORRELATION] Durbin-Watson: 2.2483
[AUTOCORRELATION] Concern detected: False
[SAVE] Saving diagnostic test results...
[SAVED] step05_model_diagnostics.csv (5 rows, 5 cols)
[SAVE] Saving diagnostic plot data...
[SAVED] step05_diagnostic_plot_data.csv (100 rows, 6 cols)
[VALIDATION] Running validate_regression_assumptions...
[VALIDATION] normality: {'test': 'Shapiro-Wilk', 'statistic': np.float64(0.8831739959890115), 'p_value': np.float64(2.4787318728330407e-07), 'passed': np.False_}
[VALIDATION] homoscedasticity: {'test': 'Breusch-Pagan', 'statistic': np.float64(8.050042556006364), 'p_value': np.float64(0.23445994543622672), 'passed': np.True_}
[VALIDATION] linearity: {'mean_residual': np.float64(-1.1934897514720433e-17), 'passed': np.True_, 'note': 'Simplified check - visual inspection recommended'}
[VALIDATION] independence: {'test': 'Durbin-Watson', 'statistic': np.float64(2.248251708714357), 'passed': np.True_, 'interpretation': 'No autocorrelation'}
[SUMMARY] Assumption violations detected: 2
[SUMMARY] - normality: VIOLATION -> use_bootstrap_cis
[SUMMARY] - outliers: DETECTED -> sensitivity_analysis
[SUCCESS] Step 05 complete
