RQ 6.4.3: Age x Paradigm Interaction for Confidence Decline
======================================================================
Analysis execution log

Starting RQ 6.4.3 analysis pipeline...
Output directory: /home/etai/projects/REMEMVR/results/ch6/6.4.3
======================================================================
STEP 0: Prepare LMM Input with Age
======================================================================

Loading theta from: /home/etai/projects/REMEMVR/results/ch6/6.4.1/data/step04_lmm_input.csv
Data loaded: 1200 rows, columns: ['composite_ID', 'UID', 'test', 'TSVR_hours', 'log_TSVR', 'paradigm', 'theta']
Columns after rename: ['composite_ID', 'UID', 'test', 'TSVR_hours', 'log_TSVR', 'Paradigm', 'theta_confidence']

Loading Age from: /home/etai/projects/REMEMVR/data/cache/dfData.csv
Age data: 100 unique participants

Merged with Age: 1200 rows

Age statistics:
  Mean Age: 44.57 years
  SD Age: 14.58 years
  Range: [20, 70] years

--- Step 0 Validation ---
✓ Row count: 1200 (expected 1200 = 100 × 4 × 3)
✓ All required columns present
✓ No missing values
✓ Age_c mean: 0.000000 (expected ~0)
✓ Paradigm distribution: {'IFR': np.int64(400), 'ICR': np.int64(400), 'IRE': np.int64(400)}
✓ Unique UIDs: 100
✓ Theta range: [-2.40, 0.58]

✓ Output saved: /home/etai/projects/REMEMVR/results/ch6/6.4.3/data/step00_lmm_input.csv
Data preparation complete: 1200 rows x 9 columns

======================================================================
STEP 1: Fit LMM with Age x Paradigm x Time 3-Way Interaction
======================================================================

Model formula: theta_confidence ~ log_TSVR * C(Paradigm) * Age_c
Random effects: (log_TSVR | UID) - random intercept and slope
Reference level: IFR (Free Recall)

Model converged successfully

Full summary saved: /home/etai/projects/REMEMVR/results/ch6/6.4.3/data/step01_lmm_model_summary.txt

--- Fixed Effects ---
  Intercept                                         : β = -0.36231, SE = 0.05313, z =   -6.82, p = 0.0000 ***
  C(Paradigm)[T.ICR]                                : β = -0.01464, SE = 0.03365, z =   -0.44, p = 0.6635 
  C(Paradigm)[T.IRE]                                : β =  0.05132, SE = 0.03365, z =    1.52, p = 0.1273 
  log_TSVR                                          : β = -0.11601, SE = 0.01024, z =  -11.33, p = 0.0000 ***
  log_TSVR:C(Paradigm)[T.ICR]                       : β = -0.00773, SE = 0.00898, z =   -0.86, p = 0.3894 
  log_TSVR:C(Paradigm)[T.IRE]                       : β = -0.02495, SE = 0.00898, z =   -2.78, p = 0.0055 **
  Age_c                                             : β = -0.00757, SE = 0.00366, z =   -2.07, p = 0.0388 *
  C(Paradigm)[T.ICR]:Age_c                          : β = -0.00063, SE = 0.00232, z =   -0.27, p = 0.7855 
  C(Paradigm)[T.IRE]:Age_c                          : β = -0.00036, SE = 0.00232, z =   -0.16, p = 0.8757 
  log_TSVR:Age_c                                    : β = -0.00004, SE = 0.00071, z =   -0.06, p = 0.9552 
  log_TSVR:C(Paradigm)[T.ICR]:Age_c                 : β = -0.00000, SE = 0.00062, z =   -0.00, p = 0.9981 
  log_TSVR:C(Paradigm)[T.IRE]:Age_c                 : β = -0.00007, SE = 0.00062, z =   -0.11, p = 0.9115 

--- Model Fit ---
Log-likelihood: -171.06
AIC: 372.11
BIC: 448.47
N observations: 1200
N groups (UIDs): 100

--- Step 1 Validation ---
✓ Model converged: True
✓ All fixed effects finite
✓ Age_c term present
✓ 3-way interaction terms present

✓ Fixed effects saved: /home/etai/projects/REMEMVR/results/ch6/6.4.3/data/step01_lmm_fixed_effects.csv

======================================================================
STEP 2: Extract Interaction Terms with Dual P-Values (Decision D068)
======================================================================

Bonferroni alpha = 0.0167 (0.05 / 3 comparisons)

Age_c-related terms extracted: 6 rows

3-way interaction individual terms:
  log_TSVR:C(Paradigm)[T.ICR]:Age_c: β = -0.00000, z = -0.00, p = 0.9981
  log_TSVR:C(Paradigm)[T.IRE]:Age_c: β = -0.00007, z = -0.11, p = 0.9115

--- Interaction Test Results (Decision D068 Dual P-Values) ---

Age_c:
  Coefficient: -0.00757
  SE: 0.00366
  Wald z: -2.07
  χ² (LRT): 4.27 (df=1)
  p_wald_uncorrected: 0.0388 (sig @ 0.05: YES)
  p_wald_bonferroni: 0.1163 (sig @ 0.05: NO)
  p_lrt_uncorrected: 0.0388
  p_lrt_bonferroni: 0.1163

Age_c:log_TSVR:
  Coefficient: -0.00004
  SE: 0.00071
  Wald z: -0.06
  χ² (LRT): 0.00 (df=1)
  p_wald_uncorrected: 0.9552 (sig @ 0.05: NO)
  p_wald_bonferroni: 1.0000 (sig @ 0.05: NO)
  p_lrt_uncorrected: 0.9552
  p_lrt_bonferroni: 1.0000

Age_c:log_TSVR:Paradigm:
  χ² (LRT): 0.01 (df=2)
  p_wald_uncorrected: 0.9938 (sig @ 0.05: NO)
  p_wald_bonferroni: 1.0000 (sig @ 0.05: NO)
  p_lrt_uncorrected: 0.9938
  p_lrt_bonferroni: 1.0000

*** PRIMARY HYPOTHESIS TEST: Age × Paradigm × Time ***
Result: NULL - Age-invariant paradigm effects (parallels Ch5 5.3.4 accuracy findings)

--- Step 2 Validation ---
✓ Row count: 3
✓ All 3 interaction terms present
✓ p-values in valid range [0, 1]
✓ Bonferroni correction applied correctly

✓ Output saved: /home/etai/projects/REMEMVR/results/ch6/6.4.3/data/step02_interaction_terms.csv

======================================================================
STEP 3: Compute Effect Sizes (Cohen's f²)
======================================================================

Total variance in theta_confidence: 0.3236
Predictor variances:
  Var(Age_c): 210.6006
  Var(log_TSVR): 2.7442

--- Effect Sizes (Cohen's f²) ---

Age_c:
  f² = 0.037261
  Interpretation: small

Age_c:log_TSVR:
  f² = 0.000003
  Interpretation: negligible

Age_c:log_TSVR:Paradigm:
  f² = 0.000004
  Interpretation: negligible

--- Step 3 Validation ---
✓ Row count: 3
✓ All f² values non-negative
✓ All interpretations valid

✓ Output saved: /home/etai/projects/REMEMVR/results/ch6/6.4.3/data/step03_effect_sizes.csv

======================================================================
STEP 4: Compare to Chapter 5 RQ 5.3.4 Results
======================================================================

Ch5 file not found: /home/etai/projects/REMEMVR/results/ch5/5.3.4/data/step02_interaction_terms.csv
Creating comparison table with Ch6 only (Ch5 comparison pending)

--- Cross-Chapter Comparison ---

Age_c:
  Confidence: p_bonf = 0.1163 (NULL)
  Interpretation: Ch5 comparison pending RQ 5.3.4 completion

Age_c:log_TSVR:
  Confidence: p_bonf = 1.0000 (NULL)
  Interpretation: Ch5 comparison pending RQ 5.3.4 completion

Age_c:log_TSVR:Paradigm:
  Confidence: p_bonf = 1.0000 (NULL)
  Interpretation: Ch5 comparison pending RQ 5.3.4 completion

--- Step 4 Validation ---
✓ Row count: 3 (Ch5 pending)
✓ All required columns present

✓ Output saved: /home/etai/projects/REMEMVR/results/ch6/6.4.3/data/step04_ch5_comparison.csv

======================================================================
ANALYSIS COMPLETE
======================================================================

*** PRIMARY HYPOTHESIS TEST: Age × Paradigm × Time 3-Way Interaction ***
  χ²(2) = 0.01
  p_bonferroni = 1.0000
  Significant: NO

  CONCLUSION: NULL - Age does NOT moderate paradigm-specific confidence decline
  This PARALLELS Chapter 5 accuracy findings (age-invariant forgetting)
  Validates VR ecological encoding for metacognitive monitoring across paradigms

*** EFFECT SIZE: 3-Way Interaction ***
  Cohen's f² = 0.000004
  Interpretation: negligible

*** OUTPUT FILES CREATED ***
  step00_lmm_input.csv
  step01_lmm_fixed_effects.csv
  step02_interaction_terms.csv
  step03_effect_sizes.csv
  step04_ch5_comparison.csv
  step01_lmm_model_summary.txt

✅ RQ 6.4.3 analysis complete - all validations passed
