[START] Step 10: Accuracy Comparison
[LOAD] Loading calibration prediction results...
[SEARCH] Looking for accuracy prediction results...
[ANALYSIS] Creating calibration vs accuracy comparison...
[WARNING] No accuracy prediction results found for comparison
[SAVE] Saving comparison results...
[SAVED] step10_accuracy_comparison.csv
[SAVED] step10_interpretation.csv
[SUCCESS] Step 10 complete
[START] Step 10: Accuracy Comparison
[LOAD] Loading calibration prediction results...
[SEARCH] Looking for accuracy prediction results...
[ANALYSIS] Creating calibration vs accuracy comparison...
[WARNING] No accuracy prediction results found for comparison
[SAVE] Saving comparison results...
[SAVED] step10_accuracy_comparison.csv
[SAVED] step10_interpretation.csv
[SUCCESS] Step 10 complete
[START] Step 10: Accuracy Comparison
[LOAD] Loading calibration prediction results...
[SEARCH] Looking for accuracy prediction results...
[FOUND] Accuracy results from RQ 7.3.1: R² = 0.1875
[ANALYSIS] Creating calibration vs accuracy comparison...
[RESULT] Calibration prediction R² = 0.0238
[RESULT] Accuracy prediction R² = 0.1875
[RESULT] Calibration harder to predict: True
[RESULT] R² difference = 0.1637
[SAVE] Saving comparison results...
[SAVED] step10_accuracy_comparison.csv
[SAVED] step10_interpretation.csv
[SUCCESS] Step 10 complete
