======================================================================
RQ 6.7.1: Initial Confidence Predicting Forgetting Rates
======================================================================

Starting RQ 6.7.1 Analysis Pipeline
Output directory: /home/etai/projects/REMEMVR/results/ch6/6.7.1

======================================================================
STEP 1: Load Day 0 Confidence Data
======================================================================
Loaded 400 rows from RQ 6.1.1
Columns: ['composite_ID', 'theta_All', 'se_All']
Unique tests: ['T1' 'T2' 'T3' 'T4']
Filtered to T1 only: 100 rows retained

Validation:
  Rows: 100 (expected: 100)
  Columns: ['UID', 'Day0_confidence', 'se_confidence']
  NaN count: 0
  Day0_confidence range: [-2.007, 0.491]
  se_confidence range: [0.033, 0.033]
  Unique UIDs: 100

Saved: /home/etai/projects/REMEMVR/results/ch6/6.7.1/data/step01_day0_confidence.csv
Loaded 100 Day 0 confidence estimates

======================================================================
STEP 2: Load Forgetting Slopes Data
======================================================================
Loaded 100 rows from Ch5 5.1.4
Columns: ['UID', 'random_intercept', 'random_slope', 'total_intercept', 'total_slope']
Data source: Ch5 RQ 5.1.4

Validation:
  Rows: 100 (expected: 100)
  Columns: ['UID', 'forgetting_slope', 'random_slope', 'se_slope']
  NaN count: 0
  forgetting_slope range: [0.0664, 0.0895]
  Mean forgetting_slope: 0.0767
  Unique UIDs: 100

Slope direction:
  Positive (improvement): 100
  Negative (forgetting): 0

Saved: /home/etai/projects/REMEMVR/results/ch6/6.7.1/data/step02_forgetting_slopes.csv
Loaded 100 forgetting slopes

======================================================================
STEP 3: Merge Confidence and Slopes Data
======================================================================
Merged 100 participants successfully
Columns: ['UID', 'Day0_confidence', 'se_confidence', 'forgetting_slope', 'se_slope']

Merge statistics:
  Input confidence: 100
  Input slopes: 100
  Merged output: 100
  No data loss: True

Saved: /home/etai/projects/REMEMVR/results/ch6/6.7.1/data/step03_predictive_data.csv
No data loss: 100 participants with both measures

======================================================================
STEP 4: Correlation and Tertile Analysis
======================================================================

--- 4A: Normality Tests (Shapiro-Wilk) ---
Day0_confidence: W = 0.9417, p = 0.0002
forgetting_slope: W = 0.9755, p = 0.0592

Non-normality detected: Using Spearman as primary, Pearson as supplementary

Saved: /home/etai/projects/REMEMVR/results/ch6/6.7.1/data/step04_normality_tests.csv

--- 4B: Correlation Analysis ---
Pearson r = -0.5927, p = 0.000000
Spearman rho = -0.6568, p = 0.000000

Bootstrap 95% CI (10000 resamples): [-0.7491, -0.5354]

Primary correlation (Spearman): r = -0.6568
Effect direction: negative
95% CI excludes zero: True

Dual p-values reported per Decision D068
  p_uncorrected = 0.000000
  p_bonferroni = 0.000000

Saved: /home/etai/projects/REMEMVR/results/ch6/6.7.1/data/step04_correlation.csv
Correlation computed: r = -0.66, p_uncorrected = 0.0000, p_bonferroni = 0.0000

--- 4C: Tertile Analysis ---

Tertile analysis complete: 3 groups created (Low/Med/High)
  Low: N=34, mean_conf=-0.842, mean_slope=0.0803 (SE=0.0007)
  Med: N=32, mean_conf=-0.312, mean_slope=0.0761 (SE=0.0007)
  High: N=34, mean_conf=0.009, mean_slope=0.0738 (SE=0.0005)

Saved: /home/etai/projects/REMEMVR/results/ch6/6.7.1/data/step04_tertile_analysis.csv

--- 4D: High vs Low Tertile Comparison ---
High tertile mean slope: 0.0738
Low tertile mean slope: 0.0803
Difference: -0.0064
t-test: t = -7.504, p = 0.000000
Cohen's d: -1.820
Interpretation: High confidence -> faster forgetting (more negative slope)

Saved: /home/etai/projects/REMEMVR/results/ch6/6.7.1/data/step04_tertile_test.csv

--- 4E: One-way ANOVA (all tertiles) ---
ANOVA: F = 27.899, p = 0.000000
Eta-squared: 0.3652

Saved: /home/etai/projects/REMEMVR/results/ch6/6.7.1/data/step04_anova.csv

======================================================================
STEP 5: Prepare Plot Data
======================================================================
Plot data preparation complete: 103 rows created (100 individuals + 3 tertile means)
Columns: ['UID', 'Day0_confidence', 'forgetting_slope', 'tertile', 'is_mean', 'se_slope']
All tertiles represented: ['High', 'Low', 'Med']

Validation:
  Individual points: 100 (expected: 100)
  Tertile means: 3 (expected: 3)
  Total rows: 103 (expected: 103)

Saved: /home/etai/projects/REMEMVR/results/ch6/6.7.1/data/step05_confidence_predicts_forgetting_data.csv

======================================================================
ANALYSIS COMPLETE
======================================================================

PRIMARY FINDING:
  Spearman correlation: r = -0.6568
  95% Bootstrap CI: [-0.7491, -0.5354]
  p-value: 0.000000
  Direction: negative

  HYPOTHESIS REFUTED: High Day 0 confidence predicts FASTER forgetting (opposite direction)

Files created:
  data/step01_day0_confidence.csv
  data/step02_forgetting_slopes.csv
  data/step03_predictive_data.csv
  data/step04_normality_tests.csv
  data/step04_correlation.csv
  data/step04_tertile_analysis.csv
  data/step04_tertile_test.csv
  data/step04_anova.csv
  data/step05_confidence_predicts_forgetting_data.csv

======================================================================
RQ 6.7.1 Pipeline Complete
======================================================================
