======================================================================
RQ 6.7.1: Additional Analyses for ROOT RQ Standards
======================================================================

Starting Additional Analyses for ROOT RQ Standards
Output directory: /home/etai/projects/REMEMVR/results/ch6/6.7.1

======================================================================
STEP 6A: Simple Linear Regression with Diagnostics
======================================================================

--- Regression Summary ---
Model: forgetting_slope ~ Day0_confidence
N = 100

Coefficients:
  Intercept: β = 0.074329, SE = 0.000490, t = 151.580, p = 0.000000
  Day0_confidence: β = -0.006267, SE = 0.000860, t = -7.285, p = 0.000000

Model Fit:
  R² = 0.3513
  Adj R² = 0.3446
  F(1, 98) = 53.064, p = 0.000000

--- Residual Diagnostics ---
Residuals:
  Mean: 0.000000 (should be ~0)
  SD: 0.003593
  Range: [-0.009501, 0.010210]

Normality of Residuals (Shapiro-Wilk):
  W = 0.9858, p = 0.3629
  → Normality assumption NOT violated (p >= 0.05)

Homoscedasticity (Breusch-Pagan test):
  LM statistic = 4.3570, p = 0.0369
  → Potential heteroscedasticity detected (p < 0.05)

Cook's Distance (outlier detection):
  Threshold: 0.0400 (4/N)
  Max Cook's D: 0.1176
  Influential points (D > threshold): 8
  → Indices: [ 5  9 26 53 55 74 80 86]
  → UIDs: ['A015', 'A019', 'A036', 'A063', 'A065', 'A084', 'A090', 'A096']

Saved: data/step06a_regression_coefficients.csv
Saved: data/step06a_regression_diagnostics.csv
Saved: plots/regression_diagnostics.png

======================================================================
STEP 6B: Partial Correlation (CRITICAL - Disentangle from Baseline)
======================================================================

Data merged: 100 participants with confidence, slopes, and baseline accuracy
Baseline accuracy range: [-0.988, 2.026]

--- Zero-Order Correlations (Spearman) ---
Confidence-Slope: rho = -0.6568, p = 0.000000
Baseline-Slope: rho = -0.9528, p = 0.000000
Confidence-Baseline: rho = 0.6006, p = 0.000000

--- PARTIAL CORRELATION (Controlling Baseline Accuracy) ---
Partial rho (Confidence-Slope | Baseline): -0.3486
95% CI: [-0.5109, -0.1623]
t(97) = -3.663, p = 0.000406

--- INTERPRETATION ---
Partial rho = -0.3486 REMAINS SIGNIFICANT (p = 0.000406)
→ Confidence has UNIQUE predictive value beyond baseline ability
→ Metacognitive monitoring adds information not captured by baseline performance
→ Confidence is not merely a proxy for baseline ability

--- Variance Partitioning ---
Total variance explained by Confidence: 43.1%
Unique variance (after controlling baseline): 12.2%
Shared variance (with baseline ability): 31.0%
Proportion unique: 28.2% of total

Saved: data/step06b_partial_correlation.csv

======================================================================
STEP 6C: Sensitivity Analysis (Excluding Influential Points)
======================================================================

Full sample (N=100): rho = -0.6568, p = 0.000000
Reduced sample (N=92, excluding 8 influential): rho = -0.6625, p = 0.000000
Change in rho: -0.0057
→ Results ROBUST to influential point exclusion (Δrho < 0.05)

Trimmed sample (N=90, 5% trim each tail): rho = -0.6491, p = 0.000000
Change in rho from full: +0.0078

Saved: data/step06c_sensitivity_analysis.csv

======================================================================
ADDITIONAL ANALYSES COMPLETE
======================================================================

**ROOT RQ BULLETPROOF STATUS:**

1. Regression Diagnostics: COMPLETE
   - Q-Q plot, residuals vs fitted, Cook's D all generated
   - Diagnostic plots saved to plots/regression_diagnostics.png

2. Partial Correlation (CRITICAL): UNIQUE_PREDICTOR
   - Partial rho = -0.3486 (controlling baseline accuracy)
   - p = 0.000406

   Confidence has UNIQUE predictive value beyond baseline ability!
   Metacognitive monitoring provides additional information.

3. Sensitivity Analysis: ROBUST
   - Results stable across outlier exclusion methods

Files created:
  data/step06a_regression_coefficients.csv
  data/step06a_regression_diagnostics.csv
  data/step06b_partial_correlation.csv
  data/step06c_sensitivity_analysis.csv
  plots/regression_diagnostics.png

======================================================================
RQ 6.7.1 Additional Analyses Complete
======================================================================
