[START] Step 06: Multiple Comparisons Correction
[LOAD] Loading regression results from step05...
[LOADED] step05_regression_results.csv (5 rows, 7 cols)
[INFO] Predictors found: ['const', 'RAVLT_T', 'BVMT_T', 'NART_T', 'RPM_T']
[INFO] P-value range: 0.000037 to 0.642202
[ANALYSIS] Applying multiple comparison corrections...
[INFO] Testing 4 predictors (excluding intercept)
[INFO] Applied corrections:
  - Bonferroni within-RQ (alpha=0.0125 for 4 predictors)
  - Bonferroni chapter-level (alpha=0.00179 for 28 tests)
  - FDR Benjamini-Hochberg (alpha=0.05)
[DONE] Multiple comparison corrections complete
[SAVE] Saving corrected_results...
[SAVED] step06_corrected_results.csv (4 rows, 9 cols)
[SAVE] Saving hypothesis_tests...
[SAVED] step06_hypothesis_tests.csv (5 rows, 6 cols)
[SUMMARY] Correction results:
  RAVLT_T: p_uncorr=0.1554, p_bonf_within=0.6216, p_bonf_chapter=1.0000, p_fdr=0.3108
  BVMT_T: p_uncorr=0.2606, p_bonf_within=1.0000, p_bonf_chapter=1.0000, p_fdr=0.3474
  NART_T: p_uncorr=0.6422, p_bonf_within=1.0000, p_bonf_chapter=1.0000, p_fdr=0.6422
  RPM_T: p_uncorr=0.0027, p_bonf_within=0.0107, p_bonf_chapter=0.0750, p_fdr=0.0107
[VALIDATION] Validating multiple comparison corrections...
[VALIDATION] P-values in [0,1] range: PASS
[VALIDATION] Bonferroni more conservative: PASS
[VALIDATION] FDR intermediate correction: PASS
[VALIDATION] Significance flags consistent: PASS
[VALIDATION] Dual reporting complete: PASS
[VALIDATION] All validation criteria PASSED
[SUCCESS] Step 06 complete
