[START] Step 02: Load Theta Means from Ch5
[LOAD] Loading theta scores from Ch5 5.1.1...
[LOADED] /home/etai/projects/REMEMVR/results/ch5/5.1.1/data/step03_theta_scores.csv (400 rows, 3 cols)
[INFO] Columns: ['UID', 'test', 'Theta_All']
[INFO] Unique UIDs: 100
[INFO] Test sessions: [np.int64(1), np.int64(2), np.int64(3), np.int64(4)]
[ANALYSIS] Computing mean theta per participant...
[INFO] Sessions per participant - Min: 4, Max: 4, Mean: 4.0
[INFO] Participants with >=3 sessions: 100 of 100
[ANALYSIS] Computed theta means for 100 participants
[INFO] Theta mean stats - Mean: 0.006, Std: 0.677
[INFO] Theta range: [-1.954, 1.559]
[SAVE] Saving /home/etai/projects/REMEMVR/results/ch7/7.1.1/data/step02_theta_means.csv...
[SAVED] /home/etai/projects/REMEMVR/results/ch7/7.1.1/data/step02_theta_means.csv (100 rows, 2 cols)
[VALIDATION] Running validate_data_columns...
[VALIDATION] Theta range check PASSED: [-1.954, 1.559] within [-3, 3]
[VALIDATION] Theta mean check PASSED: 0.006 within tolerance 0.5 of 0
[VALIDATION] Participant count check PASSED: 100 >= 90
[VALIDATION] Missing values check PASSED: No missing theta_mean values
[VALIDATION] All checks PASSED
[SUCCESS] Step 02 complete
