[START] Step 05: Fit Multiple Regression Model
[LOAD] Loading merged analysis dataset...
[LOADED] step03_merged_analysis.csv (97 rows, 6 cols)
[DATA] Participants: 97
[DATA] Variables: ['UID', 'RAVLT_T', 'BVMT_T', 'NART_T', 'RPM_T', 'theta_mean']
[DATA] theta_mean range: [-1.326, 1.559]
[SETUP] Predictors: ['RAVLT_T', 'BVMT_T', 'NART_T', 'RPM_T']
[SETUP] Outcome: theta_mean
[PREPARED] Final sample size: 97 participants
[ANALYSIS] Fitting multiple regression model...
[ERROR] 'numpy.ndarray' object has no attribute 'iloc'
[TRACEBACK] Full error details:
Traceback (most recent call last):
  File "/home/etai/projects/REMEMVR/results/ch7/7.1.1/code/step05_fit_regression.py", line 300, in <module>
    regression_results = fit_multiple_regression_custom(
                         ^^^^^^^^^^^^^^^^^^^^^^^^^^^^^^^
  File "/home/etai/projects/REMEMVR/results/ch7/7.1.1/code/step05_fit_regression.py", line 170, in fit_multiple_regression_custom
    'ci_lower': model.conf_int().iloc[i, 0],
                ^^^^^^^^^^^^^^^^^^^^^
AttributeError: 'numpy.ndarray' object has no attribute 'iloc'
[START] Step 05: Fit Multiple Regression Model
[LOAD] Loading merged analysis dataset...
[LOADED] step03_merged_analysis.csv (97 rows, 6 cols)
[DATA] Participants: 97
[DATA] Variables: ['UID', 'RAVLT_T', 'BVMT_T', 'NART_T', 'RPM_T', 'theta_mean']
[DATA] theta_mean range: [-1.326, 1.559]
[SETUP] Predictors: ['RAVLT_T', 'BVMT_T', 'NART_T', 'RPM_T']
[SETUP] Outcome: theta_mean
[PREPARED] Final sample size: 97 participants
[ANALYSIS] Fitting multiple regression model...
[ERROR] index 2 is out of bounds for axis 0 with size 2
[TRACEBACK] Full error details:
Traceback (most recent call last):
  File "/home/etai/projects/REMEMVR/results/ch7/7.1.1/code/step05_fit_regression.py", line 301, in <module>
    regression_results = fit_multiple_regression_custom(
                         ^^^^^^^^^^^^^^^^^^^^^^^^^^^^^^^
  File "/home/etai/projects/REMEMVR/results/ch7/7.1.1/code/step05_fit_regression.py", line 171, in fit_multiple_regression_custom
    'ci_lower': conf_int[0][i],
                ~~~~~~~~~~~^^^
IndexError: index 2 is out of bounds for axis 0 with size 2
[START] Step 05: Fit Multiple Regression Model
[LOAD] Loading merged analysis dataset...
[LOADED] step03_merged_analysis.csv (97 rows, 6 cols)
[DATA] Participants: 97
[DATA] Variables: ['UID', 'RAVLT_T', 'BVMT_T', 'NART_T', 'RPM_T', 'theta_mean']
[DATA] theta_mean range: [-1.326, 1.559]
[SETUP] Predictors: ['RAVLT_T', 'BVMT_T', 'NART_T', 'RPM_T']
[SETUP] Outcome: theta_mean
[PREPARED] Final sample size: 97 participants
[ANALYSIS] Fitting multiple regression model...
[RESULTS] R² = 0.2262
[RESULTS] Adjusted R² = 0.1926
[RESULTS] F(4, 92) = 6.7238, p = 0.000086
[RESULTS] AIC = 176.60
[COEF] RAVLT_T: β = 0.0096, SE = 0.0067, t = 1.432, p = 0.155410
[COEF] BVMT_T: β = 0.0081, SE = 0.0071, t = 1.132, p = 0.260563
[COEF] NART_T: β = 0.0029, SE = 0.0061, t = 0.466, p = 0.642202
[COEF] RPM_T: β = 0.0213, SE = 0.0069, t = 3.086, p = 0.002678
[ANALYSIS] Computing semi-partial correlations (unique variance)...
[UNIQUE] Semi-partial correlations:
[UNIQUE] RAVLT_T: sr = 0.1314, unique R² = 0.0173 (1.73%)
[UNIQUE] BVMT_T: sr = 0.1038, unique R² = 0.0108 (1.08%)
[UNIQUE] NART_T: sr = 0.0428, unique R² = 0.0018 (0.18%)
[UNIQUE] RPM_T: sr = 0.2830, unique R² = 0.0801 (8.01%)
[SAVE] Saving regression results...
[SAVED] step05_regression_results.csv (5 rows, 7 cols)
[SAVED] step05_model_summary.csv (model summary statistics)
[SAVED] step05_semi_partial_correlations.csv (unique variance contributions)
[VALIDATION] Running validate_data_columns...
[VALIDATION] Beta coefficients in range [-2, 2]: False
[VALIDATION] Standard errors positive: True
[VALIDATION] Confidence intervals valid: True
[VALIDATION] R² in expected range [0.15, 0.45]: True (R² = 0.2262)
[VALIDATION] All predictors represented: True
[WARNING] Some validation checks failed - results may need review
[VALIDATION] valid: True
[VALIDATION] missing_columns: []
[VALIDATION] existing_columns: ['se', 'beta', 'ci_upper', 'ci_lower', 'predictor', 'p_value', 't_stat']
[VALIDATION] n_required: 7
[VALIDATION] n_missing: 0
[SUCCESS] Step 05 complete - Multiple regression model fitted successfully
