[START] Step 00: Extract and merge data
[LOAD] Loading theta scores from Ch5...
[LOADED] Theta scores (400 rows, 3 cols)
[INFO] Theta columns: ['UID', 'test', 'Theta_All']
[ADAPT] Mapped Theta_All -> theta_all, set se_all=NaN
[PROCESS] Kept most recent test per participant (100 participants)
[LOAD] Loading strategy data from dfvr.csv...
[LOADED] Strategy data (400 rows, 244 cols)
[PROCESS] Aggregating strategy responses across test sessions...
[AGGREGATED] Strategy text for 100 participants
[LOAD] Loading demographics from dfnonvr.csv...
[LOADED] Demographics (100 rows, 235 cols)
[SELECT] Demographics selected: ['UID', 'age', 'education', 'vr_exposure', 'sleep_hours']
[MERGE] Merging theta scores with strategy data...
[MERGED] Theta + strategy: 100 participants
[MERGE] Adding demographics...
[FINAL] Complete dataset: 100 participants
[SAVED] /home/etai/projects/REMEMVR/results/ch7/7.5.3/data/step00_merged_data.csv (100 rows, 8 cols)
[SUMMARY] Dataset summary:
  Participants with complete data: 100
  Participants with strategy text: 100
  Mean theta_all: -0.500
  Mean age: 44.6
[VALIDATION] Running validation...
[VALIDATION] [PASS] columns_match: True
[VALIDATION] [PASS] expected_rows: True
[VALIDATION] [PASS] no_missing_theta: True
[VALIDATION] [PASS] no_missing_uid: True
[VALIDATION] [PASS] valid: True
[SUCCESS] Step 00 complete - merged dataset ready for strategy coding
