[START] Step 05: Model diagnostics
[LOAD] Loading analysis dataset...
[LOADED] Analysis dataset (100 rows, 8 cols)
[COMPLETE CASES] n=100 participants
[REFIT] Refitting final hierarchical regression model...
[REFIT] Model summary - R² = 0.0402, F = 1.34
[REFIT] Observations: 100.0, Parameters: 4
[ASSUMPTIONS] Testing regression assumptions...
[TEST] Testing normality of residuals...
[NORMALITY] Shapiro-Wilk Normality: Normal (p = 0.352528)
[TEST] Testing homoscedasticity...
[HOMOSCEDASTICITY] Homoscedastic (p = 0.652290)
[TEST] Testing linearity...
[LINEARITY] Non-linear (r = 0.201)
[TEST] Testing independence...
[INDEPENDENCE] Independent (DW = 1.906)
[SAVED] Assumption tests: /home/etai/projects/REMEMVR/results/ch7/7.5.3/data/step05_assumption_tests.csv
[OUTLIERS] Identifying outliers and influential cases...
[CRITERIA] Cook's D threshold: 0.0400
[CRITERIA] Leverage threshold: 0.0800
[OUTLIER COUNTS] Outlier summary:
  normal: 97 cases
  high_leverage: 2 cases
  high_cooks_d|high_leverage: 1 cases
[SAVED] Outlier analysis: /home/etai/projects/REMEMVR/results/ch7/7.5.3/data/step05_outlier_analysis.csv
[VIF] Calculating variance inflation factors...
[VIF] Multicollinearity analysis:
  age: VIF = 1.01 (No concern)
  education_numeric: VIF = 0.00 (No concern)
  rehearsal_frequency: VIF = 1.01 (No concern)
  mnemonic_use: VIF = 1.01 (No concern)
[SAVED] VIF analysis: /home/etai/projects/REMEMVR/results/ch7/7.5.3/data/step05_vif_analysis.csv
[VALIDATION] Validating VIF analysis...
[VALIDATION] VIF validation completed via tools function
[SUMMARY] Model diagnostic results:
[ASSUMPTIONS] Assumption test summary:
  Assumptions passed: 3 / 4
  Total outliers: 3 / 100 (3.0%)
  High VIF predictors: 0 / 4
[OVERALL] Model diagnostics: GOOD (assumptions met, few outliers, low multicollinearity)
[SUCCESS] Step 05 complete - comprehensive model diagnostics
