[START] Step 04: Hierarchical regression
[LOAD] Loading analysis dataset...
[LOADED] Analysis dataset (100 rows, 8 cols)
[COMPLETE CASES] n=100 participants with complete data
[OUTCOME] Theta scores - Mean: -0.500, SD: 0.820
[BLOCK 1] Demographics: ['age', 'education_numeric']
[BLOCK 1] Age - Mean: 44.6, SD: 14.6
[BLOCK 1] Education - Mean: 11.0, SD: 0.0
[BLOCK 2] Strategy variables: ['rehearsal_frequency', 'mnemonic_use']
[BLOCK 2] Rehearsal - Mean: 0.02, SD: 0.20
[BLOCK 2] Mnemonic use - Proportion: 0.020
[ANALYSIS] Fitting hierarchical regression models...
[SUCCESS] Hierarchical regression completed via tools function
[EFFECT SIZES] Calculating Cohen's f² for each predictor...
[SAVED] Hierarchical regression results: /home/etai/projects/REMEMVR/results/ch7/7.5.3/data/step04_hierarchical_regression.csv
[ERROR] name 'coefficients_data' is not defined
[TRACEBACK] Full error details:
Traceback (most recent call last):
  File "/home/etai/projects/REMEMVR/results/ch7/7.5.3/code/step04_hierarchical_regression.py", line 367, in <module>
    coef_df = pd.DataFrame(coefficients_data)
                           ^^^^^^^^^^^^^^^^^
NameError: name 'coefficients_data' is not defined
[START] Step 04: Hierarchical regression
[LOAD] Loading analysis dataset...
[LOADED] Analysis dataset (100 rows, 8 cols)
[COMPLETE CASES] n=100 participants with complete data
[OUTCOME] Theta scores - Mean: -0.500, SD: 0.820
[BLOCK 1] Demographics: ['age', 'education_numeric']
[BLOCK 1] Age - Mean: 44.6, SD: 14.6
[BLOCK 1] Education - Mean: 11.0, SD: 0.0
[BLOCK 2] Strategy variables: ['rehearsal_frequency', 'mnemonic_use']
[BLOCK 2] Rehearsal - Mean: 0.02, SD: 0.20
[BLOCK 2] Mnemonic use - Proportion: 0.020
[ANALYSIS] Fitting hierarchical regression models...
[SUCCESS] Hierarchical regression completed via tools function
[EFFECT SIZES] Calculating Cohen's f² for each predictor...
[SAVED] Hierarchical regression results: /home/etai/projects/REMEMVR/results/ch7/7.5.3/data/step04_hierarchical_regression.csv
[ERROR] name 'coefficients_data' is not defined
[TRACEBACK] Full error details:
Traceback (most recent call last):
  File "/home/etai/projects/REMEMVR/results/ch7/7.5.3/code/step04_hierarchical_regression.py", line 370, in <module>
    coef_df = pd.DataFrame(coefficients_data)
                           ^^^^^^^^^^^^^^^^^
NameError: name 'coefficients_data' is not defined
[START] Step 04: Hierarchical regression
[LOAD] Loading analysis dataset...
[LOADED] Analysis dataset (100 rows, 8 cols)
[COMPLETE CASES] n=100 participants with complete data
[OUTCOME] Theta scores - Mean: -0.500, SD: 0.820
[BLOCK 1] Demographics: ['age', 'education_numeric']
[BLOCK 1] Age - Mean: 44.6, SD: 14.6
[BLOCK 1] Education - Mean: 11.0, SD: 0.0
[BLOCK 2] Strategy variables: ['rehearsal_frequency', 'mnemonic_use']
[BLOCK 2] Rehearsal - Mean: 0.02, SD: 0.20
[BLOCK 2] Mnemonic use - Proportion: 0.020
[ANALYSIS] Fitting hierarchical regression models...
[SUCCESS] Hierarchical regression completed via tools function
[EFFECT SIZES] Calculating Cohen's f² for each predictor...
[SAVED] Hierarchical regression results: /home/etai/projects/REMEMVR/results/ch7/7.5.3/data/step04_hierarchical_regression.csv
[SAVED] Final model coefficients: /home/etai/projects/REMEMVR/results/ch7/7.5.3/data/step04_final_coefficients.csv
[VALIDATION] Checking regression assumptions...
[VALIDATION] Custom validation due to function limitations: name 'final_coefficients' is not defined
[ERROR] name 'final_model' is not defined
[TRACEBACK] Full error details:
Traceback (most recent call last):
  File "/home/etai/projects/REMEMVR/results/ch7/7.5.3/code/step04_hierarchical_regression.py", line 391, in <module>
    df=final_coefficients,
       ^^^^^^^^^^^^^^^^^^
NameError: name 'final_coefficients' is not defined

During handling of the above exception, another exception occurred:

Traceback (most recent call last):
  File "/home/etai/projects/REMEMVR/results/ch7/7.5.3/code/step04_hierarchical_regression.py", line 403, in <module>
    residuals = final_model.resid
                ^^^^^^^^^^^
NameError: name 'final_model' is not defined
