[START] Step 8: Generate Plot Data
[LOAD] Loading analysis results from previous steps...
[LOADED] step01_analysis_dataset.csv (100 rows, 10 cols)
[LOADED] step03_hierarchical_models.csv (2 rows, 8 cols)
[LOADED] step04_mediation_analysis.csv (1 rows, 8 cols)
[LOADED] step05_cross_validation.csv (2 rows, 13 cols)
[ANALYSIS] Creating correlation heatmap data...
[ANALYSIS] Creating regression diagnostic plot data...
[ANALYSIS] Creating mediation path diagram data...
[ANALYSIS] Creating cross-validation plot data...
[ANALYSIS] Creating age effect visualization data...
[SAVE] Saving plot data files...
[SAVED] step08_correlation_plot_data.csv (25 rows, 5 cols)
[SAVED] step08_diagnostic_plot_data.csv (200 rows, 5 cols)
[SAVED] step08_mediation_plot_data.csv (3 rows, 6 cols)
[SAVED] step08_cv_plot_data.csv (10 rows, 6 cols)
[SAVED] step08_age_effect_plot_data.csv (100 rows, 6 cols)
[ANALYSIS] Generating plot data summary statistics...
[SUMMARY] correlation_data: {'n_correlations': 25, 'correlation_range': [np.float64(-0.5454815482953167), np.float64(1.0)], 'significant_correlations': 15}
[SUMMARY] diagnostic_data: {'n_observations': 100, 'residuals_range': [np.float64(-2.6143600943838985), np.float64(2.4842747048975693)], 'cooks_d_max': np.float64(0.6032985684709002)}
[SUMMARY] mediation_data: {'n_paths': 3, 'significant_paths': 2, 'effect_range': [np.float64(-0.156), np.float64(0.0258)]}
[SUMMARY] cv_data: {'n_folds': 5, 'r2_range': [np.float64(-0.22343703827327116), np.float64(0.12776018577530956)], 'rmse_range': [np.float64(0.21806172234498677), np.float64(0.8627963675863284)]}
[SUMMARY] age_effect_data: {'n_participants': 100, 'age_range': [np.float64(20.0), np.float64(70.0)], 'theta_range': [np.float64(-1.953673875), np.float64(1.559498015)]}
[SUCCESS] Step 8 complete - All plot data generated
