[START] Step 2: Bivariate Correlations with Bootstrap CIs
[LOAD] Loading merged analysis dataset...
[LOADED] step01_analysis_dataset.csv (100 rows, 10 cols)
[INFO] Correlation variables: ['Age', 'theta_all', 'RAVLT_T', 'BVMT_T', 'RPM_T']
[INFO] Final correlation data: 100 participants, 5 variables
[ANALYSIS] Computing pairwise correlations with bootstrap CIs...
[ANALYSIS] Computing correlation: Age vs theta_all
[ERROR] 'correlation'
[TRACEBACK] Full error details:
Traceback (most recent call last):
  File "/home/etai/projects/REMEMVR/results/ch7/7.2.1/code/step02_bivariate_correlations.py", line 201, in <module>
    'r': bootstrap_result['correlation'],
         ~~~~~~~~~~~~~~~~^^^^^^^^^^^^^^^
KeyError: 'correlation'
[START] Step 2: Bivariate Correlations with Bootstrap CIs
[LOAD] Loading merged analysis dataset...
[LOADED] step01_analysis_dataset.csv (100 rows, 10 cols)
[INFO] Correlation variables: ['Age', 'theta_all', 'RAVLT_T', 'BVMT_T', 'RPM_T']
[INFO] Final correlation data: 100 participants, 5 variables
[ANALYSIS] Computing pairwise correlations with bootstrap CIs...
[ANALYSIS] Computing correlation: Age vs theta_all
[WARN] Using pearson_r, bootstrap keys: ['r', 'ci_lower', 'ci_upper', 'se', 'bootstrap_samples']
[RESULT] Age vs theta_all: r = -0.193, 95% CI [-0.375, -0.015], p = 0.054
[ANALYSIS] Computing correlation: Age vs RAVLT_T
[WARN] Using pearson_r, bootstrap keys: ['r', 'ci_lower', 'ci_upper', 'se', 'bootstrap_samples']
[RESULT] Age vs RAVLT_T: r = -0.287, 95% CI [-0.448, -0.103], p = 0.004
[ANALYSIS] Computing correlation: Age vs BVMT_T
[WARN] Using pearson_r, bootstrap keys: ['r', 'ci_lower', 'ci_upper', 'se', 'bootstrap_samples']
[RESULT] Age vs BVMT_T: r = -0.545, 95% CI [-0.665, -0.408], p = 0.000
[ANALYSIS] Computing correlation: Age vs RPM_T
[WARN] Using pearson_r, bootstrap keys: ['r', 'ci_lower', 'ci_upper', 'se', 'bootstrap_samples']
[RESULT] Age vs RPM_T: r = -0.293, 95% CI [-0.462, -0.121], p = 0.003
[ANALYSIS] Computing correlation: theta_all vs RAVLT_T
[WARN] Using pearson_r, bootstrap keys: ['r', 'ci_lower', 'ci_upper', 'se', 'bootstrap_samples']
[RESULT] theta_all vs RAVLT_T: r = 0.266, 95% CI [0.097, 0.458], p = 0.007
[ANALYSIS] Computing correlation: theta_all vs BVMT_T
[WARN] Using pearson_r, bootstrap keys: ['r', 'ci_lower', 'ci_upper', 'se', 'bootstrap_samples']
[RESULT] theta_all vs BVMT_T: r = 0.364, 95% CI [0.191, 0.522], p = 0.000
[ANALYSIS] Computing correlation: theta_all vs RPM_T
[WARN] Using pearson_r, bootstrap keys: ['r', 'ci_lower', 'ci_upper', 'se', 'bootstrap_samples']
[RESULT] theta_all vs RPM_T: r = 0.457, 95% CI [0.289, 0.610], p = 0.000
[ANALYSIS] Computing correlation: RAVLT_T vs BVMT_T
[WARN] Using pearson_r, bootstrap keys: ['r', 'ci_lower', 'ci_upper', 'se', 'bootstrap_samples']
[RESULT] RAVLT_T vs BVMT_T: r = 0.336, 95% CI [0.174, 0.503], p = 0.001
[ANALYSIS] Computing correlation: RAVLT_T vs RPM_T
[WARN] Using pearson_r, bootstrap keys: ['r', 'ci_lower', 'ci_upper', 'se', 'bootstrap_samples']
[RESULT] RAVLT_T vs RPM_T: r = 0.285, 95% CI [0.108, 0.458], p = 0.004
[ANALYSIS] Computing correlation: BVMT_T vs RPM_T
[WARN] Using pearson_r, bootstrap keys: ['r', 'ci_lower', 'ci_upper', 'se', 'bootstrap_samples']
[RESULT] BVMT_T vs RPM_T: r = 0.488, 95% CI [0.365, 0.603], p = 0.000
[DONE] Bootstrap correlation analysis complete
[ANALYSIS] Applying multiple comparison corrections...
[DONE] Multiple comparison corrections applied (Bonferroni alpha = 0.0050)
[KEY FINDING] Age-theta_all correlation: r = -0.193, 95% CI [-0.375, -0.015], p_uncorrected = 0.054, p_bonferroni = 0.540, p_fdr = 0.054
[HYPOTHESIS] Age-theta_all correlation meets expected small negative threshold (< -0.15)
[SAVE] Saving correlation results with dual p-values...
[SAVED] step02_correlations.csv (10 rows, 8 cols)
[SUMMARY] 10 correlations computed
[SUMMARY] Significant after Bonferroni correction: 8/10
[SUMMARY] Significant after FDR correction: 9/10
[VALIDATION] Running validate_hypothesis_test_dual_pvalues...
[VALIDATION] valid: True
[VALIDATION] missing_terms: []
[VALIDATION] d068_compliant: True
[VALIDATION] message: Decision D068 compliant: All 10 required terms present with both p_uncorrected and p_bonferroni.
[VALIDATION] PASSED - Dual p-value reporting format verified
[SUCCESS] Step 2 complete - Bivariate correlations with bootstrap CIs and dual p-values
