[START] Step 01: Extract and merge theta scores, confidence, and cognitive reserve data
[LOAD] Loading Ch5 theta scores...
[LOADED] Ch5 data (400 rows, 3 cols)
[INFO] Ch5 columns: ['UID', 'test', 'Theta_All']
[PROCESSED] Ch5 aggregated to 100 participants
[LOAD] Loading Ch6 confidence scores...
[LOADED] Ch6 data (400 rows, 3 cols)
[INFO] Ch6 columns: ['composite_ID', 'theta_All', 'se_All']
[PROCESSED] Ch6 UIDs extracted, 400 participants
[LOAD] Loading cognitive reserve data...
[LOADED] dfnonvr data (100 rows, 235 cols)
[PROCESSED] Cognitive reserve data extracted, 100 participants
[ANALYSIS] Merging datasets on UID...
[MERGE] After Ch6 merge: 400 participants
[MERGE] Final merge: 400 participants
[DONE] Merge complete
[SAVE] Saving merged dataset...
[SAVED] /home/etai/projects/REMEMVR/results/ch7/7.3.5/data/step01_merged_data.csv (400 rows, 6 cols)
[INFO] Final dataset summary:
  Participants: 400
  Theta range: -1.95 to 1.56
  Confidence range: -2.24 to 0.49
  Age range: 20 to 70
  Education range: 1 to 9
  RPM range: 4 to 12
[VALIDATION] Running validate_data_columns...
[VALIDATION] valid: True
[VALIDATION] missing_columns: []
[VALIDATION] existing_columns: ['age', 'UID', 'theta_all', 'confidence_theta', 'rpm', 'education']
[VALIDATION] n_required: 6
[VALIDATION] n_missing: 0
[VALIDATION] No missing data in merged dataset
[SUCCESS] Step 01 complete
[START] Step 01: Extract and merge theta scores, confidence, and cognitive reserve data
[LOAD] Loading Ch5 theta scores...
[LOADED] Ch5 data (400 rows, 3 cols)
[INFO] Ch5 columns: ['UID', 'test', 'Theta_All']
[PROCESSED] Ch5 aggregated to 100 participants
[LOAD] Loading Ch6 confidence scores...
[LOADED] Ch6 data (400 rows, 3 cols)
[INFO] Ch6 columns: ['composite_ID', 'theta_All', 'se_All']
[PROCESSED] Ch6 UIDs extracted and aggregated, 100 participants
[LOAD] Loading cognitive reserve data...
[LOADED] dfnonvr data (100 rows, 235 cols)
[PROCESSED] Cognitive reserve data extracted, 100 participants
[ANALYSIS] Merging datasets on UID...
[MERGE] After Ch6 merge: 100 participants
[MERGE] Final merge: 100 participants
[DONE] Merge complete
[SAVE] Saving merged dataset...
[SAVED] /home/etai/projects/REMEMVR/results/ch7/7.3.5/data/step01_merged_data.csv (100 rows, 6 cols)
[INFO] Final dataset summary:
  Participants: 100
  Theta range: -1.95 to 1.56
  Confidence range: -1.79 to 0.09
  Age range: 20 to 70
  Education range: 1 to 9
  RPM range: 4 to 12
[VALIDATION] Running validate_data_columns...
[VALIDATION] valid: True
[VALIDATION] missing_columns: []
[VALIDATION] existing_columns: ['age', 'confidence_theta', 'UID', 'rpm', 'education', 'theta_all']
[VALIDATION] n_required: 6
[VALIDATION] n_missing: 0
[VALIDATION] No missing data in merged dataset
[SUCCESS] Step 01 complete
