[START] Step 4: Correlations with Bootstrap
[LOAD] Loading calibration groups data...
[LOADED] step02_calibration_groups.csv (100 rows, 9 cols)
[INFO] Clean data for correlations: 100 participants (removed 0 with missing data)
[ANALYSIS] Computing correlation: residual vs education...
[ERROR] 'correlation'
[TRACEBACK] Full error details:
Traceback (most recent call last):
  File "/home/etai/projects/REMEMVR/results/ch7/7.3.5/code/step04_correlations_bootstrap.py", line 225, in <module>
    result = compute_correlation_with_bootstrap(x, y, variable_pair, n_bootstrap=1000, seed=42)
             ^^^^^^^^^^^^^^^^^^^^^^^^^^^^^^^^^^^^^^^^^^^^^^^^^^^^^^^^^^^^^^^^^^^^^^^^^^^^^^^^^^
  File "/home/etai/projects/REMEMVR/results/ch7/7.3.5/code/step04_correlations_bootstrap.py", line 136, in compute_correlation_with_bootstrap
    corr_coeff = result['correlation']
                 ~~~~~~^^^^^^^^^^^^^^^
KeyError: 'correlation'
[START] Step 4: Correlations with Bootstrap
[LOAD] Loading calibration groups data...
[LOADED] step02_calibration_groups.csv (100 rows, 9 cols)
[INFO] Clean data for correlations: 100 participants (removed 0 with missing data)
[ANALYSIS] Computing correlation: residual vs education...
[DONE] residual_vs_education: r = -0.006, p = 0.956, CI = [-0.173, 0.172]
[ANALYSIS] Computing correlation: residual vs rpm...
[DONE] residual_vs_rpm: r = 0.108, p = 0.283, CI = [-0.065, 0.285]
[ANALYSIS] Computing correlation: residual vs age...
[DONE] residual_vs_age: r = -0.018, p = 0.861, CI = [-0.215, 0.185]
[SAVE] Saving correlation results...
[SAVED] step04_correlations.csv (3 rows, 8 cols)
[SAVED] step04_bootstrap_distributions.csv (0 rows, 3 cols)
[VALIDATION] Running validate_correlation_test_d068...
[VALIDATION] valid: True
[VALIDATION] d068_compliant: True
[VALIDATION] missing_cols: []
[VALIDATION] message: Custom validation: 4 required columns.
[SUMMARY] Correlation Results Summary:
  residual_vs_education: r = -0.006, p_uncorr = 0.956, p_bonf = 1.000, effect = negligible
  residual_vs_rpm: r = 0.108, p_uncorr = 0.283, p_bonf = 1.000, effect = small
  residual_vs_age: r = -0.018, p_uncorr = 0.861, p_bonf = 1.000, effect = negligible
[SUCCESS] Step 4 complete
