[START] Step 6: Sensitivity Analysis
[LOAD] Loading original merged data...
[LOADED] step01_merged_data.csv (100 rows, 6 cols)
[INFO] Clean data for sensitivity analysis: 100 participants
[ANALYSIS] Detecting outliers...
[OUTLIERS] Computing Cook's distance...
[OUTLIERS] Cook's distance: 5 outliers detected
[OUTLIERS] Computing Mahalanobis distance...
[OUTLIERS] Mahalanobis distance: 5 outliers detected
[ANALYSIS] Creating tertile-based calibration groups...
[INFO] Tertile group sizes: {'Well-calibrated': np.int64(34), 'Underconfident': np.int64(33), 'Overconfident': np.int64(33)}
[ANALYSIS] Tertile ANOVA for education...
[DONE] Tertile education: F = 0.027, p = 0.973
[ANALYSIS] Tertile ANOVA for rpm...
[DONE] Tertile rpm: F = 2.117, p = 0.126
[ANALYSIS] Tertile ANOVA for age...
[DONE] Tertile age: F = 0.090, p = 0.914
[ANALYSIS] Running bootstrap stability analysis...
[ANALYSIS] Creating robustness summary...
[SAVE] Saving sensitivity analysis outputs...
[SAVED] step06_outlier_analysis.csv (2 rows, 5 cols)
[SAVED] step06_tertile_reanalysis.csv (3 rows, 6 cols)
[SAVED] step06_robustness_summary.csv (3 rows, 6 cols)
[VALIDATION] Running validate_bootstrap_stability...
[VALIDATION] valid: False
[VALIDATION] message: Unstable clustering: mean Jaccard=0.193 (<0.75)
[VALIDATION] mean_jaccard: 0.19262004189970144
[VALIDATION] ci_lower: 0.10700819672131148
[VALIDATION] ci_upper: 0.28480392156862744
[SUMMARY] Sensitivity Analysis Summary:
  Total outliers detected: 10 participants
  Average Jaccard similarity: 0.193
  Robustness classifications:
    robust: 0 analyses
    moderate: 0 analyses
    sensitive: 0 analyses
    unknown: 3 analyses
[SUCCESS] Step 6 complete
