[START] Step 5: Effect Sizes and Power Analysis
[LOAD] Loading ANOVA results...
[LOADED] step03_anova_results.csv (3 rows, 7 cols)
[LOAD] Loading correlation results...
[LOADED] step04_correlations.csv (3 rows, 8 cols)
[LOAD] Loading raw group data...
[LOADED] step02_calibration_groups.csv (100 rows, 9 cols)
[ANALYSIS] Computing pairwise Cohen's d effect sizes...
[ANALYSIS] Computing Cohen's d: Underconfident vs Well-calibrated on education...
[DONE] Underconfident vs Well-calibrated on education: d = -0.028 (negligible)
[ANALYSIS] Computing Cohen's d: Underconfident vs Overconfident on education...
[DONE] Underconfident vs Overconfident on education: d = -0.009 (negligible)
[ANALYSIS] Computing Cohen's d: Well-calibrated vs Overconfident on education...
[DONE] Well-calibrated vs Overconfident on education: d = 0.017 (negligible)
[ANALYSIS] Computing Cohen's d: Underconfident vs Well-calibrated on rpm...
[DONE] Underconfident vs Well-calibrated on rpm: d = -0.608 (medium)
[ANALYSIS] Computing Cohen's d: Underconfident vs Overconfident on rpm...
[DONE] Underconfident vs Overconfident on rpm: d = -0.486 (small)
[ANALYSIS] Computing Cohen's d: Well-calibrated vs Overconfident on rpm...
[DONE] Well-calibrated vs Overconfident on rpm: d = 0.149 (negligible)
[ANALYSIS] Computing Cohen's d: Underconfident vs Well-calibrated on age...
[DONE] Underconfident vs Well-calibrated on age: d = 0.011 (negligible)
[ANALYSIS] Computing Cohen's d: Underconfident vs Overconfident on age...
[DONE] Underconfident vs Overconfident on age: d = 0.061 (negligible)
[ANALYSIS] Computing Cohen's d: Well-calibrated vs Overconfident on age...
[DONE] Well-calibrated vs Overconfident on age: d = 0.048 (negligible)
[ANALYSIS] Computing Cohen's f² and power analysis...
[DONE] Correlation residual_vs_education: r = -0.006, power = 0.008
[DONE] Correlation residual_vs_rpm: r = 0.108, power = 0.008
[DONE] Correlation residual_vs_age: r = -0.018, power = 0.008
[SAVE] Saving effect sizes and power analysis...
[SAVED] step05_effect_sizes.csv (9 rows, 8 cols)
[SAVED] step05_power_analysis.csv (3 rows, 6 cols)
[VALIDATION] Running validate_effect_sizes...
[VALIDATION] valid: True
[VALIDATION] message: All effect sizes valid (n=9, range=[0.000, 0.092]).
[VALIDATION] warnings: []
[SUMMARY] Effect Size and Power Summary:
  Cohen's d Effect Sizes:
    negligible: 7 comparisons
    small: 1 comparisons
    medium: 1 comparisons
    large: 0 comparisons
  Achieved Power:
    Well-powered (>80%): 0 tests
    Underpowered (<80%): 3 tests
[SUCCESS] Step 5 complete
