============================================================
Step 2: Extract RAVLT and Age Data
============================================================
Reading participant data from: data/dfnonvr.csv
Loaded 100 rows with 101 columns
All required columns found
Calculating RAVLT_Total as sum of trials 1-5 + delayed recall

RESULTS:
RAVLT data extracted: 100 participants
RAVLT descriptives: mean=61.5, sd=10.2
RAVLT range: min=33.0, max=81.0
Age descriptives: mean=44.6, sd=14.6
Age range: 20-70 years (range=50)
Age variance: 212.6
Age range 50 years: adequate variance for correlation

Ceiling/floor effects check:
  - At floor (≤10): 0.0%
  - At ceiling (≥80): 2.0%

Standardization verification: z_mean=-0.000000, z_std=1.000000

Saved to: /home/etai/projects/REMEMVR/results/ch7/7.2.4/data/step02_ravlt_age_data.csv
Output shape: (100, 4)

Final data check:
  - Participants: 100
  - Columns: ['UID', 'RAVLT_Total', 'RAVLT_Total_z', 'Age']
  - No missing values: True
  - All finite values: True

Step 2 completed successfully
