[START] Step 05: Compare Model Performance Across Domains
[SETUP] RQ Directory: /home/etai/projects/REMEMVR/results/ch7/7.1.3

[STEP 1] Loading model diagnostics and data...
[INFO] Loaded diagnostics: (3, 17)
[INFO] Loaded data: (300, 7)

[STEP 2] Extracting and comparing R² values...

[INFO] Model R² values:
  What: R²=0.2498 (medium), Adj R²=0.2263
  Where: R²=0.2354 (medium), Adj R²=0.2115
  When: R²=0.0882 (small), Adj R²=0.0597

[STEP 3] Computing bootstrap confidence intervals for R²...

[BOOTSTRAP] What domain (1000 iterations)...
  What R² 95% CI: [0.127, 0.423]

[BOOTSTRAP] Where domain (1000 iterations)...
  Where R² 95% CI: [0.130, 0.410]

[BOOTSTRAP] When domain (1000 iterations)...
  When R² 95% CI: [0.028, 0.234]
[OUTPUT] Model comparison saved to: /home/etai/projects/REMEMVR/results/ch7/7.1.3/data/step05_model_comparison.csv
[OUTPUT] Bootstrap R² distributions saved to: /home/etai/projects/REMEMVR/results/ch7/7.1.3/data/step05_bootstrap_r_squared.csv

[STEP 4] Computing pairwise R² differences...
[OUTPUT] R² differences saved to: /home/etai/projects/REMEMVR/results/ch7/7.1.3/data/step05_r_squared_differences.csv

[INFO] Pairwise R² comparisons:
  What vs Where: diff=0.014 (What > Where)
  What vs When: diff=0.162 (What > When)
  Where vs When: diff=0.147 (Where > When)

[STEP 5] Computing semi-partial R² for each predictor...

[SEMI-PARTIAL] What domain...
  RAVLT_T: 0.0195
  BVMT_T: 0.0199
  RPM_T: 0.0770

[SEMI-PARTIAL] Where domain...
  RAVLT_T: 0.0115
  BVMT_T: 0.0140
  RPM_T: 0.0905

[SEMI-PARTIAL] When domain...
  RAVLT_T: 0.0096
  BVMT_T: 0.0088
  RPM_T: 0.0213
[OUTPUT] Predictor contributions saved to: /home/etai/projects/REMEMVR/results/ch7/7.1.3/data/step05_predictor_contributions.csv

[STEP 6] Testing hypotheses and summarizing findings...

[HYPOTHESIS TEST] When domain has lowest R²?
  R² ordering: When < Where < What
  Lowest R²: When (R²=0.088)
  Hypothesis supported: ✓

[CONFIDENCE INTERVAL ANALYSIS]
  What: R²=0.250 [0.127, 0.423]
  Where: R²=0.235 [0.130, 0.410]
  When: R²=0.088 [0.028, 0.234]

  What vs Where CIs overlap: Yes
  What vs When CIs overlap: Yes
  Where vs When CIs overlap: Yes

[SUMMARY] Key findings:
  1. When domain has lowest predictability (R²=0.088) as hypothesized
  2. What (R²=0.250) and Where (R²=0.235) have similar predictability
  3. RPM is strongest predictor across all domains
  4. Domain-specific prediction patterns partially supported

[COMPLETE] Step 05 completed successfully
