[START] Step 01: extract_sleep_data
[LOAD] Loading dfvr.csv data...
[LOADED] dfvr.csv (400 rows, 244 cols)
[ANALYSIS] Extracting sleep variables...
[EXTRACTED] Sleep variables for 400 observations
[CLEAN] Sleep_Hours missing: 0/400 (0.0%)
[CLEAN] Sleep_Quality missing: 0/400 (0.0%)
[DONE] Sleep extraction complete
[SAVE] Saving sleep data...
[SAVED] /home/etai/projects/REMEMVR/results/ch7/7.5.4/data/step01_sleep_data.csv (400 rows, 4 cols)
[VALIDATION] Running sleep hours validation...
[VALIDATION] Running sleep quality validation...
[VALIDATION] Checking participant coverage...
[COVERAGE] Tests per UID - Min: 4, Max: 4, Mean: 4.0
[COVERAGE] UIDs with <3 tests: 0
[VALIDATION] Sleep hours range: PASS
[VALIDATION] Sleep quality range: PASS
[VALIDATION] Participant coverage: PASS

=== SCIENTIFIC MANTRA ===
1. What question did we ask?
   -> Can we extract clean per-test sleep data for within-person analysis?
2. What did we find?
   -> 400 observations, sleep hours range valid: True
   -> Sleep quality range valid: True
3. What does it mean?
   -> Clean sleep data enables multilevel modeling of within-person effects
4. What should we do next?
   -> Proceed to step02: create person-centered sleep variables
=========================

[SUCCESS] Step 01 complete
