================================================================================
PLATINUM FINALIZATION: Ch5 5.2.1 Confidence-Accuracy Comparison (H1)
================================================================================

[LOAD] Loading RQ 6.3.1 confidence results...
[LOADED] step05_lmm_coefficients.csv (6 coefficients)

[INFO] RQ 6.3.1 Confidence - Domain × Time Interactions:

[FINDING] Confidence shows NULL Domain × Time interaction (p >= 0.05)

[LOAD] Loading Ch5 5.2.1 accuracy results...
[LOADED] summary.md

[INFO] Ch5 5.2.1 Accuracy - Key Findings (from summary.md):
  Theta space: All domains show identical decline (~0.86 SD over 6 days)
  Probability space:
    - What: 87% -> 72% (15 pp decline)
    - Where: 59% -> 41% (18 pp decline)
    - When: 19% -> 5% (14 pp decline, FLOOR EFFECT)

[INTERPRETATION] Ch5 conclusion:
  Domain × Time interaction: NULL in theta space (domain-invariant forgetting rates)
  Domain differences are in BASELINE encoding, not forgetting rate

[ANALYSIS] Creating confidence-accuracy comparison...

[COMPARISON] Confidence-Accuracy Divergence Analysis:
[FINDING] CONVERGENCE

[SAVE] Saving comparison results...
[SAVED] step09_ch5_comparison.csv
[SAVED] step09_ch5_comparison_summary.txt

[SUCCESS] Ch5 comparison complete (H1 RESOLVED)
[FINDING] CONVERGENCE
