[START] Step 05: Hierarchical Regression
[LOAD] Loading analysis dataset...
[LOADED] step04_analysis_dataset.csv (100 rows, 8 cols)
[VERIFY] All required columns present: ['confidence_theta', 'age', 'sex', 'education', 'RAVLT_T', 'BVMT_T', 'RPM_T']
[PREPARE] Setting up hierarchical predictor blocks...
[CONVERT] Sex variable already numeric
[BLOCKS] Block 1 (Demographics): ['age', 'sex_dummy', 'education']
[BLOCKS] Block 2 (Demographics + Cognitive): ['age', 'sex_dummy', 'education', 'RAVLT_T', 'BVMT_T', 'RPM_T']
[BLOCKS] Outcome variable: confidence_theta (N=100)
[ANALYSIS] Running hierarchical regression...
[DONE] Hierarchical regression models fitted
[RESULTS] Model 1 R² = 0.0203
[RESULTS] Model 2 R² = 0.1875
[HIERARCHICAL] ΔR² = 0.1673
[HIERARCHICAL] F-change = 6.382
[HIERARCHICAL] p-change = 0.000557
[BOOTSTRAP] Computing bootstrap confidence intervals (n=1000, seed=42)...
[BOOTSTRAP] Demographics model 95% CI: [0.0038, 0.1467]
[BOOTSTRAP] Cognitive model 95% CI: [0.1181, 0.3857]
[EFFECT_SIZES] Computing Cohen's f² effect sizes...
[EFFECT_SIZE] Demographics Cohen's f² = 0.0207
[EFFECT_SIZE] Cognitive Cohen's f² = 0.2308
[SAVED] step05_hierarchical_models.csv (2 rows, 8 cols)
[SUMMARY] Hierarchical regression results:
  Demographics: R²=0.0203, F=0.66, p=0.577268
  Cognitive: R²=0.1875, F=3.58, p=0.003105
[VALIDATION] Running model validation...
[VALIDATION] Some checks FAILED:
[VALIDATION] Issue: Model 1 did not converge
[VALIDATION] Issue: Model 2 did not converge
[SUCCESS] Step 05: Hierarchical regression complete
