[START] Step 10: Accuracy Comparison
[INFO] Purpose: Compare confidence vs accuracy prediction patterns
[LOAD] Loading confidence prediction results...
[LOADED] Confidence prediction data loaded
[CHECK] Looking for RQ 7.1.1 data in: /home/etai/projects/REMEMVR/results/ch7/7.1.1/data
[FOUND] RQ 7.1.1 data: step08_effect_sizes.csv
[DATA] Accuracy model R² = 0.2260
[COMPARE] Overall model comparison:
[COMPARE] Confidence R² = 0.1875
[COMPARE] Accuracy R² = 0.2260
[DIFFERENCE] R²(confidence) - R²(accuracy) = -0.0385
[PATTERN] Confidence predicted MORE WEAKLY than accuracy (supports dissociation)
[COMPARE] Individual predictor patterns:
[PREDICTOR] RAVLT_T:
  Confidence sr² = 0.0024
  Accuracy sr² = 0.0170
  Difference = -0.0146
  Pattern = weaker
[PREDICTOR] BVMT_T:
  Confidence sr² = 0.0479
  Accuracy sr² = 0.0110
  Difference = 0.0369
  Pattern = stronger
[PREDICTOR] RPM_T:
  Confidence sr² = 0.0424
  Accuracy sr² = 0.0800
  Difference = -0.0376
  Pattern = weaker
[INTERPRET] Metacognitive dissociation evidence:
[EVIDENCE] Supporting dissociation (3 points):
  - Overall R² lower for confidence (0.188 vs 0.226)
  - RPM predicts confidence more weakly (0.042 vs 0.080)
  - BVMT shows different pattern for confidence (0.048 vs 0.011)
[CONCLUSION] Evidence SUPPORTS metacognitive dissociation hypothesis
[CONCLUSION] Confidence relies on different cognitive processes than accuracy
[SAVED] Comparison results: /home/etai/projects/REMEMVR/results/ch7/7.3.1/data/step10_accuracy_comparison.csv
[VALIDATION] Checking comparison validity...
[VALIDATION] Comparison analysis PASSED
[SUCCESS] Step 10 complete
