[START] Step 08: Effect Size Analysis
[INFO] Purpose: Compute comprehensive effect size measures
[LOAD] Loading analysis dataset...
[LOADED] Dataset: 100 rows
[LOAD] Loading hierarchical regression results...
[LOADED] Hierarchical models: 2 models
[LOAD] Loading individual predictor results...
[LOADED] Individual predictors: 6 predictors
[COMPUTE] Calculating primary effect sizes...
[EFFECT] Overall model R² = 0.1875
[EFFECT] Overall model f² = 0.2308
[EFFECT] Demographics R² = 0.0203
[EFFECT] Incremental R² = 0.1673
[EFFECT] Incremental f² = 0.2059
[BOOTSTRAP] Running 1000 bootstrap iterations...
[BOOTSTRAP] Progress: 0/1000 iterations
[BOOTSTRAP] Progress: 200/1000 iterations
[BOOTSTRAP] Progress: 400/1000 iterations
[BOOTSTRAP] Progress: 600/1000 iterations
[BOOTSTRAP] Progress: 800/1000 iterations
[BOOTSTRAP] Complete - calculating confidence intervals...
[CI] R² 95% CI: [0.1181, 0.3857]
[CI] f² 95% CI: [0.1339, 0.6278]
[PREDICTOR] RAVLT_T: sr²=0.0024, f²=0.0030, CI=[0.0000, 0.0573]
[PREDICTOR] BVMT_T: sr²=0.0479, f²=0.0589, CI=[0.0061, 0.1400]
[PREDICTOR] RPM_T: sr²=0.0424, f²=0.0521, CI=[0.0006, 0.1437]
[INTERPRET] Effect size interpretation (Cohen's conventions):
  f² < 0.02: negligible
  f² 0.02-0.15: small
  f² 0.15-0.35: medium
  f² > 0.35: large
[INTERPRET] RAVLT_T: f²=0.0030 (negligible)
[INTERPRET] BVMT_T: f²=0.0589 (small)
[INTERPRET] RPM_T: f²=0.0521 (small)
[SAVED] Effect sizes: /home/etai/projects/REMEMVR/results/ch7/7.3.1/data/step08_effect_sizes.csv
[VALIDATION] Checking effect size validity...
[VALIDATION] PASS: Sum of sr² (0.0926) ≤ total R² (0.1875)
[SUCCESS] Step 08 complete
