[2025-12-13 18:40:56] ======================================================================
[2025-12-13 18:40:56] T3.3: GLMM Refit for Non-Independence Issues
[2025-12-13 18:40:56] ======================================================================
[2025-12-13 18:40:56] Start time: 2025-12-13 18:40:56.945458
[2025-12-13 18:40:56] Project root: /home/etai/projects/REMEMVR/results
[2025-12-13 18:40:56] 
[2025-12-13 18:40:56] ======================================================================
[2025-12-13 18:40:56] RQ 6.2.2: Overconfidence Trajectory - GEE Refit
[2025-12-13 18:40:56] ======================================================================
[2025-12-13 18:40:56] Loading: /home/etai/projects/REMEMVR/results/results/ch6/6.2.2/data/step01_calibration_classified.csv
[2025-12-13 18:40:56] 
ERROR: [Errno 2] No such file or directory: '/home/etai/projects/REMEMVR/results/results/ch6/6.2.2/data/step01_calibration_classified.csv'
[2025-12-13 18:40:56] Traceback (most recent call last):
  File "/home/etai/projects/REMEMVR/results/ch6/code/glmm_refit_non_independence.py", line 401, in main
    result_6_2_2 = refit_6_2_2()
                   ^^^^^^^^^^^^^
  File "/home/etai/projects/REMEMVR/results/ch6/code/glmm_refit_non_independence.py", line 74, in refit_6_2_2
    df = pd.read_csv(data_file)
         ^^^^^^^^^^^^^^^^^^^^^^
  File "/home/etai/projects/REMEMVR/.venv/lib/python3.12/site-packages/pandas/io/parsers/readers.py", line 1026, in read_csv
    return _read(filepath_or_buffer, kwds)
           ^^^^^^^^^^^^^^^^^^^^^^^^^^^^^^^
  File "/home/etai/projects/REMEMVR/.venv/lib/python3.12/site-packages/pandas/io/parsers/readers.py", line 620, in _read
    parser = TextFileReader(filepath_or_buffer, **kwds)
             ^^^^^^^^^^^^^^^^^^^^^^^^^^^^^^^^^^^^^^^^^^
  File "/home/etai/projects/REMEMVR/.venv/lib/python3.12/site-packages/pandas/io/parsers/readers.py", line 1620, in __init__
    self._engine = self._make_engine(f, self.engine)
                   ^^^^^^^^^^^^^^^^^^^^^^^^^^^^^^^^^
  File "/home/etai/projects/REMEMVR/.venv/lib/python3.12/site-packages/pandas/io/parsers/readers.py", line 1880, in _make_engine
    self.handles = get_handle(
                   ^^^^^^^^^^^
  File "/home/etai/projects/REMEMVR/.venv/lib/python3.12/site-packages/pandas/io/common.py", line 873, in get_handle
    handle = open(
             ^^^^^
FileNotFoundError: [Errno 2] No such file or directory: '/home/etai/projects/REMEMVR/results/results/ch6/6.2.2/data/step01_calibration_classified.csv'

