[START] Step 06: sensitivity_analysis
[LOAD] Loading input data...
[LOADED] step03_analysis_dataset.csv (100 rows, 4 cols)
[LOADED] step05_steiger_test.csv (1 rows, 9 cols)
[ANALYSIS] Running sensitivity analyses...
[ANALYSIS] 1. Outlier analysis using Cook's D and standardized residuals...
[OUTLIER] Starting outlier analysis...
[OUTLIER] Found 1 outliers using threshold 3.29
[OUTLIER] Dataset size after outlier removal: 99 (removed 1)
[ANALYSIS] 2. Alternative correlation methods (Spearman, Kendall)...
[METHODS] Computing alternative correlation methods...
[METHODS] Spearman BVMT-Where: r=0.360, p=0.000
[METHODS] Kendall BVMT-Where: tau=0.254, p=0.000
[ANALYSIS] 3. Cross-validation stability assessment...
[CV] Starting 5-fold cross-validation...
[CV] Fold 1: r_where=0.320, r_what=0.353
[CV] Fold 2: r_where=0.493, r_what=0.519
[CV] Fold 3: r_where=-0.065, r_what=-0.063
[CV] Fold 4: r_where=0.608, r_what=0.691
[CV] Fold 5: r_where=0.362, r_what=0.393
[ANALYSIS] 4. Post-hoc power analysis...
[POWER] Conducting power analysis with alpha=0.00179
[POWER] Power for Where correlation: 0.676
[POWER] Power for What correlation: 0.771
[POWER] Minimum detectable correlation (80% power): 0.382
[DONE] All sensitivity analyses complete
[COMPILE] Compiling sensitivity analysis results...
[COMPILED] 6 sensitivity analysis results
[SAVE] Saving step06_sensitivity_analysis.csv...
[SAVED] step06_sensitivity_analysis.csv (6 rows, 6 cols)
[VALIDATION] Running custom validation...
[VALIDATION] valid: False
[VALIDATION] checks: {'row_count': False, 'required_columns': True, 'no_missing_results': np.True_}
[VALIDATION] actual_rows: 6
[SUCCESS] Step 06 complete
