[START] Step 5: Compare R² Values with Bootstrap
[LOAD] Loading input data...
[LOADED] step02_regression_input.csv (100 rows, 8 cols)
[LOADED] step03_intercept_predictions.csv (4 rows, 8 cols)
[LOADED] step04_slope_predictions.csv (4 rows, 9 cols)
[ANALYSIS] Running custom bootstrap R² comparison...
[BOOTSTRAP] Starting 1000 bootstrap iterations...
[BOOTSTRAP] Completed 100/1000 iterations
[BOOTSTRAP] Completed 200/1000 iterations
[BOOTSTRAP] Completed 300/1000 iterations
[BOOTSTRAP] Completed 400/1000 iterations
[BOOTSTRAP] Completed 500/1000 iterations
[BOOTSTRAP] Completed 600/1000 iterations
[BOOTSTRAP] Completed 700/1000 iterations
[BOOTSTRAP] Completed 800/1000 iterations
[BOOTSTRAP] Completed 900/1000 iterations
[BOOTSTRAP] Completed 1000/1000 iterations
[BOOTSTRAP] Completed 1000 successful iterations
[DONE] Bootstrap analysis complete
[SAVE] Creating results DataFrame...
[SAVED] step05_r_squared_comparison.csv (3 rows, 9 cols)
[RESULTS] Intercept model R² = 0.2432 (95% CI: 0.1140-0.4265)
[RESULTS] Slope model R² = 0.0735 (95% CI: 0.0155-0.2299)
[RESULTS] R² difference = 0.1697 (95% CI: -0.0521-0.3718)
[RESULTS] One-tailed p-value = 0.0670 (H1: intercept R² > slope R²)
[RESULTS] Bootstrap iterations successful: 1000/1000
[VALIDATION] Running validate_numeric_range...
[VALIDATION] valid: True
[VALIDATION] message: r_squared: All values within range [0.0, 1.0] (n=3).
[VALIDATION] out_of_range_count: 0
[VALIDATION] violations: []
[VALIDATION] Checking bootstrap CI validity...
[VALIDATION] All checks passed!
[SUCCESS] Step 5 complete
